17:26:02 **** Incremental Build of configuration Debug for project Tp_FREERTOS ****
make -j16 all 
arm-none-eabi-gcc "../Core/Src/main.c" -mcpu=cortex-m7 -std=gnu11 -g3 -DDEBUG -DUSE_HAL_DRIVER -DSTM32F746xx -c -I../Core/Inc -I../Drivers/STM32F7xx_HAL_Driver/Inc -I../Drivers/STM32F7xx_HAL_Driver/Inc/Legacy -I../Drivers/CMSIS/Device/ST/STM32F7xx/Include -I../Drivers/CMSIS/Include -I../Middlewares/Third_Party/FreeRTOS/Source/include -I../Middlewares/Third_Party/FreeRTOS/Source/CMSIS_RTOS -I../Middlewares/Third_Party/FreeRTOS/Source/portable/GCC/ARM_CM7/r0p1 -O0 -ffunction-sections -fdata-sections -Wall -fstack-usage -fcyclomatic-complexity -MMD -MP -MF"Core/Src/main.d" -MT"Core/Src/main.o" --specs=nano.specs -mfpu=fpv5-sp-d16 -mfloat-abi=hard -mthumb -o "Core/Src/main.o"
../Core/Src/main.c: In function 'task_take':
../Core/Src/main.c:184:20: warning: variable 'ret_q' set but not used [-Wunused-but-set-variable]
  184 |         BaseType_t ret_q;
      |                    ^~~~~
../Core/Src/main.c: In function 'getRunTimeCounterValue':
../Core/Src/main.c:244:23: warning: unused variable 'time' [-Wunused-variable]
  244 |         unsigned long time = __HAL_TIM_GET_COUNTER(&htim1);
      |                       ^~~~
../Core/Src/main.c: In function 'main':
../Core/Src/main.c:373:37: warning: "/*" within comment [-Wcomment]
  373 |         configASSERT(pdPASS == ret);/*
      |                                      
../Core/Src/main.c:375:9: warning: "/*" within comment [-Wcomment]
  375 |         /*ret = xTaskCreate(task_give,"Give",256,NULL,6,&handle_givetask);
      |          
../Core/Src/main.c:363:16: warning: unused variable 'h_task2' [-Wunused-variable]
  363 |   TaskHandle_t h_task2 = NULL;
      |                ^~~~~~~
../Core/Src/main.c:362:16: warning: unused variable 'h_task1' [-Wunused-variable]
  362 |   TaskHandle_t h_task1 = NULL;
      |                ^~~~~~~
../Core/Src/main.c: In function 'vApplicationStackOverflowHook':
../Core/Src/main.c:311:1: warning: control reaches end of non-void function [-Wreturn-type]
  311 | }
      | ^
In file included from ../Middlewares/Third_Party/FreeRTOS/Source/include/FreeRTOS.h:56,
                 from ../Middlewares/Third_Party/FreeRTOS/Source/CMSIS_RTOS/cmsis_os.h:56,
                 from ../Core/Src/main.c:21:
../Core/Src/main.c: In function 'main':
../Core/Inc/FreeRTOSConfig.h:130:30: warning: 'ret' is used uninitialized [-Wuninitialized]
  130 | #define configASSERT( x ) if ((x) == 0) {taskDISABLE_INTERRUPTS(); for( ;; );}
      |                              ^
../Core/Src/main.c:361:14: note: 'ret' was declared here
  361 |   BaseType_t ret;
      |              ^~~
arm-none-eabi-gcc -o "Tp_FREERTOS.elf" @"objects.list"   -mcpu=cortex-m7 -T"/users/tenzthup91/STM32CubeIDE/TP_noyau/Tp_FREERTOS/STM32F746NGHX_FLASH.ld" --specs=nosys.specs -Wl,-Map="Tp_FREERTOS.map" -Wl,--gc-sections -static --specs=nano.specs -mfpu=fpv5-sp-d16 -mfloat-abi=hard -mthumb -Wl,--start-group -lc -lm -Wl,--end-group
Finished building target: Tp_FREERTOS.elf
 
arm-none-eabi-size  Tp_FREERTOS.elf 
arm-none-eabi-objdump -h -S Tp_FREERTOS.elf  > "Tp_FREERTOS.list"
   text	   data	    bss	    dec	    hex	filename
  38948	    136	  19472	  58556	   e4bc	Tp_FREERTOS.elf
Finished building: default.size.stdout
 
Finished building: Tp_FREERTOS.list
 
17:27:13 **** Incremental Build of configuration Debug for project Tp_FREERTOS ****
make -j16 all 
arm-none-eabi-size  Tp_FREERTOS.elf 
   text	   data	    bss	    dec	    hex	filename
  38948	    136	  19472	  58556	   e4bc	Tp_FREERTOS.elf
Finished building: default.size.stdout
 
